Fill-in (M-rule)

  1 2 3 4 5 6 7 8 9 a b c d e f g
1 o       o       o
2   o     o o       o
3     o       o   o   o
4       o     o o   o   o
5 o o     o 1     1 1     o
6   o     1 o     2 1     2 o
7     o o     o 1 1 1 1 1 o   o
8       o     1 o 2 1 2 1 2 o 2 o
9 o   o   1 2 1 2 o 2 1 2 o   2
a   o   o 1 1 1 1 2 o 2 1 o o 2 2
b     o       1 2 1 2 o 2 2   o
c       o     1 1 2 1 2 o 2 2 o o
d         o 2 o 2 o o 2 2 o 1 1 2
e           o   o   o   2 1 o 2 1
f             o 2 2 2 o o 1 2 o 1
g               o   2   o 2 1 1 o

a = 10
b = 11
c = 12
d = 13
e = 14
f = 15
g = 16
